
> agentack-business-portfolio@0.1.0 build
> next build

ΓÜá Warning: Next.js inferred your workspace root, but it may not be correct.
 We detected multiple lockfiles and selected the directory of C:\Users\USER\package-lock.json as the root directory.
 To silence this warning, set `turbopack.root` in your Next.js config, or consider removing one of the lockfiles if it's not needed.
   See https://nextjs.org/docs/app/api-reference/config/next-config-js/turbopack#root-directory for more information.
 Detected additional lockfiles: 
   * C:\Users\USER\Desktop\agentack-new-main\package-lock.json

Γû▓ Next.js 16.1.6 (Turbopack)
- Environments: .env.local

  Creating an optimized production build ...
Γ£ô Compiled successfully in 36.4s
  Running TypeScript ...
  Collecting page data using 7 workers ...
  Generating static pages using 7 workers (0/19) ...
  Generating static pages using 7 workers (4/19) 
  Generating static pages using 7 workers (9/19) 
  Generating static pages using 7 workers (14/19) 
Γ£ô Generating static pages using 7 workers (19/19) in 1461.0ms
  Finalizing page optimization ...

Route (app)                              Revalidate  Expire
Γöî Γùï /
Γö£ Γùï /_not-found
Γö£ Γùï /about
Γö£ Γùï /admin/studio/[[...tool]]
Γö£ ╞Æ /api/contact
Γö£ Γùï /contact
Γö£ Γùï /icon.png
Γö£ Γùï /services
Γö£ ΓùÅ /services/[slug]                             1h      1y
Γöé Γö£ /services/agency-delivery-engine             1h      1y
Γöé Γö£ /services/clinic-practice-autopilot          1h      1y
Γöé Γö£ /services/ecommerce-growth-os                1h      1y
Γöé Γöö [+2 more paths]
Γö£ Γùï /who-we-work-with
Γöö ΓùÅ /who-we-work-with/[slug]                     1h      1y
  Γö£ /who-we-work-with/agencies                   1h      1y
  Γö£ /who-we-work-with/ecommerce                  1h      1y
  Γö£ /who-we-work-with/healthcare                 1h      1y
  Γöö [+2 more paths]


Γùï  (Static)   prerendered as static content
ΓùÅ  (SSG)      prerendered as static HTML (uses generateStaticParams)
╞Æ  (Dynamic)  server-rendered on demand

